n/p151.png
n/p150.png
n/p149.png
n/p148.png
n/p147.png
n/p146.png
n/p145.png
n/p144.png
n/p143.png
n/p142.png
n/p141.png
n/p140.png
n/p139.png
n/p138.png
n/p137.png
n/p136.png
n/p135.png
n/p134.png
n/p133.png
n/p132.png
n/p131.png
n/p130.png
n/p129.png
n/p128.png
n/p127.png
n/p126.png
n/p125.png
n/p124.png
n/p123.png
n/p122.png
n/p121.png
n/p120.png
n/p119.png
n/p118.png
n/p117.png
n/p116.png
n/p115.png
n/p114.png
n/p113.png
n/p112.png
n/p111.png
n/p110.png
n/p109.png
n/p108.png
n/p107.png
n/p106.png
n/p105.png
n/p104.png
n/p103.png
n/p102.png
n/p101.png
n/p100.png
n/p99.png
n/p98.png
n/p97.png
n/p96.png
n/p95.png
n/p94.png
n/p93.png
n/p92.png
n/p91.png
n/p90.png
n/p89.png
n/p88.png
n/p87.png
n/p86.png
n/p85.png
n/p84.png
n/p83.png
n/p82.png
n/p81.png
n/p80.png
n/p79.png
n/p78.png
n/p77.png
n/p76.png
n/p75.png
n/p74.png
n/p73.png
n/p72.png
n/p71.png
n/p70.png
n/p69.png
n/p68.png
n/p67.png
n/p66.png
n/p65.png
n/p64.png
n/p63.png
n/p62.png
n/p61.png
n/p60.png
n/p59.png
n/p58.png
n/p57.png
n/p56.png
n/p55.png
n/p54.png
n/p53.png
n/p52.png
n/p51.png
n/p50.png
n/p49.png
n/p48.png
n/p47.png
n/p46.png
n/p45.png
n/p44.png
n/p43.png
n/p42.png
n/p41.png
n/p40.png
n/p39.png
n/p38.png
n/p37.png
n/p36.png
n/p35.png
n/p34.png
n/p33.png
n/p32.png
n/p31.png
n/p30.png
n/p29.png
n/p28.png
n/p27.png
n/p26.png
n/p25.png
n/p24.png
n/p23.png
n/p22.png
n/p21.png
n/p20.png
n/p19.png
n/p18.png
n/p17.png
n/p16.png
n/p15.png
n/p14.png
n/p13.png
n/p12.png
n/p11.png
n/p10.png
n/p9.png
n/p8.png
n/p7.png
n/p6.png
n/p5.png
n/p4.png
n/p3.png
n/p2.png
n/p1.png